[QuantumBrowser] Starting C# Build...
[QuantumBrowser] Compiling...
Microsoft (R) Visual C# Compiler version 4.8.9221.0

for C# 5
Copyright (C) Microsoft Corporation. All rights reserved.



This compiler is provided as part of the Microsoft (R) .NET Framework, but only supports language versions up to C# 5, which is no longer the latest version. For compilers that support newer versions of the C# programming language, see http://go.microsoft.com/fwlink/?LinkID=533240

BrowserForm.UI.cs(920,34): warning CS0219: The variable 'isOverContent' is assigned but its value is never used
BrowserForm.WebView.cs(606,29): error CS1061: 'Microsoft.Web.WebView2.WinForms.WebView2' does not contain a definition for 'AcceleratorKeyPressed' and no extension method 'AcceleratorKeyPressed' accepting a first argument of type 'Microsoft.Web.WebView2.WinForms.WebView2' could be found (are you missing a using directive or an assembly reference?)
BrowserForm.WebView.cs(1549,20): warning CS0219: The variable 'activeSection' is assigned but its value is never used
[Error] Compilation Failed!
